 Name     │ Dept     
─────────────────────
[48;5;57m [m[48;5;57mAlice[m[48;5;57m [m[48;5;57m   [m│[48;5;22m [m[48;5;22mEng[m[48;5;22m [m[48;5;22m     [m
[48;5;57m          [m│[48;5;22m [m[48;5;22mline2[m[48;5;22m [m[48;5;22m   [m
[48;5;57m          [m│[48;5;22m [m[48;5;22mline3[m[48;5;22m [m[48;5;22m   [m
                     
                     
                     
                     
                     