 Name     │ Dept     
─────────────────────
[48;5;57m [m[48;5;57mAlice[m[48;5;57m [m[48;5;57m   [m│[48;5;22m [m[48;5;22mEng[m[48;5;22m [m[48;5;22m     [m
[48;5;57m [m[48;5;57mline2[m[48;5;57m [m[48;5;57m   [m│[48;5;22m          [m
[48;5;52m [m[48;5;52mBob[m[48;5;52m [m[48;5;52m     [m│[48;5;52m [m[48;5;52mSales[m[48;5;52m [m[48;5;52m   [m
[48;5;52m [m[48;5;52mline2[m[48;5;52m [m[48;5;52m   [m│[48;5;52m          [m
                     
                     
                     
                     