[1m? [22mDepartment:Eng[7m [27m                       
 Name       │ Department   
────────────────────────────────────────
 Alice      │ Eng          
 Bob        │ Sales        
                                        
                                        
                                        