[1m? [22m[2m  [+1 hidden filter: name — esc to[m    
[2mclear all][22m                              
 Name *     │ Department   
────────────────────────────────────────
 Alice      │ Eng          
 Bob        │ Sales        
                                        
                                        