[1m? [22mDepartment:[2mEng[22m[7m [27m                       
 Name       │ Department   
────────────────────────────────────────
 Alice      │ Eng          
 Bob        │ Sales        
                                        
                                        
                                        